// Vitest Snapshot v1, https://vitest.dev/guide/snapshot.html

exports[`CLI help > should print help with help command 1`] = `
"[1mCode PushUp CLI[22m

[32mCommands:[39m
  code-pushup               [2mShortcut for running collect followed by upload[22m
                                                                       [default]
  code-pushup autorun       [2mShortcut for running collect followed by upload[22m

  code-pushup collect       [2mRun Plugins and collect results[22m
  code-pushup upload        [2mUpload report results to the portal[22m
  code-pushup history       [2mCollect reports for commit history[22m
  code-pushup compare       [2mCompare 2 report files and create a diff file[22m

  code-pushup print-config  [2mPrint config[22m

[32mGlobal Options:[39m
      --progress     [2mShow progress bar in stdout.[22m
                                             [34m[boolean] [default: true][39m
      --verbose      [2mWhen true creates more verbose output. This is helpful when
                      debugging.[22m       [34m[boolean] [default: false][39m
      --config       [2mPath to config file. By default it loads code-pushup.config
                     .(ts|mjs|js).[22m                       [34m[string][39m
      --tsconfig     [2mPath to a TypeScript config, to be used when loading config
                      file.[22m                              [34m[string][39m
      --onlyPlugins  [2mList of plugins to run. If not set all plugins are run.[22m
                                                 [34m[array] [default: []][39m
      --skipPlugins  [2mList of plugins to skip. If not set all plugins are run.[22m
                                                 [34m[array] [default: []][39m

[32mPersist Options:[39m
      --persist.outputDir  [2mDirectory for the produced reports[22m
                                                              [34m[string][39m
      --persist.filename   [2mFilename for the produced reports.[22m
                                                              [34m[string][39m
      --persist.format     [2mFormat of the report output. e.g. \`md\`, \`json\`[22m
                                                               [34m[array][39m

[32mUpload Options:[39m
      --upload.organization  [2mOrganization slug from portal[22m
                                                              [34m[string][39m
      --upload.project       [2mProject slug from portal[22m[34m[string][39m
      --upload.server        [2mURL to your portal server[22m
                                                              [34m[string][39m
      --upload.apiKey        [2mAPI key for the portal server[22m
                                                              [34m[string][39m

[32mOptions:[39m
      --version  [2mShow version[22m                       [34m[boolean][39m
  -h, --help     [2mShow help[22m                          [34m[boolean][39m

[32mExamples:[39m
  code-pushup                               [2mRun collect followed by upload based
                                             on configuration from code-pushup.c
                                            onfig.* file.[22m
  code-pushup collect --tsconfig=tsconfig.  [2mRun collect using custom tsconfig to
  base.json                                  parse code-pushup.config.ts file.[22m
  code-pushup collect --onlyPlugins=covera  [2mRun collect with only coverage plugi
  ge                                        n, other plugins from config file wi
                                            ll be skipped.[22m
  code-pushup collect --skipPlugins=covera  [2mRun collect skiping the coverage plu
  ge                                        gin, other plugins from config file
                                            will be included.[22m
  code-pushup upload --persist.outputDir=d  [2mUpload dist/cp-report.json to portal
  ist --upload.apiKey=$CP_API_KEY            using API key from environment vari
                                            able[22m
  code-pushup print-config --config code-p  [2mPrint resolved config object parsed
  ushup.config.test.js                      from custom config location[22m
"
`;
