// Vitest Snapshot v1, https://vitest.dev/guide/snapshot.html

exports[`knipReporter > should produce valid audit outputsass 1`] = `
[
  {
    "details": {
      "issues": [
        {
          "message": "Unused file code-pushup.json",
          "severity": "info",
          "source": {
            "file": "../../../code-pushup.json",
          },
        },
      ],
    },
    "score": 0,
    "slug": "unused-files",
    "value": 1,
  },
  {
    "details": {
      "issues": [
        {
          "message": "Unused dependency cli-table3",
          "severity": "error",
          "source": {
            "file": "/Users/username/Projects/code-pushup/package.json",
          },
        },
      ],
    },
    "score": 0,
    "slug": "unused-dependencies",
    "value": 1,
  },
  {
    "details": {
      "issues": [
        {
          "message": "Unused devDependency @trivago/prettier-plugin-sort-imports",
          "severity": "error",
          "source": {
            "file": "/Users/username/Projects/code-pushup/package.json",
          },
        },
      ],
    },
    "score": 0,
    "slug": "unused-devdependencies",
    "value": 1,
  },
  {
    "details": {
      "issues": [
        {
          "message": "Referenced optional peerDependency ts-node",
          "severity": "error",
          "source": {
            "file": "/Users/username/Projects/code-pushup/package.json",
          },
        },
      ],
    },
    "score": 0,
    "slug": "referenced-optional-peerdependencies",
    "value": 1,
  },
  {
    "details": {
      "issues": [
        {
          "message": "Unlisted dependency jsonc-eslint-parser",
          "severity": "error",
          "source": {
            "file": "/Users/username/Projects/code-pushup/packages/plugin-lighthouse/.eslintrc.json",
          },
        },
        {
          "message": "Unlisted dependency jsonc-eslint-parser",
          "severity": "error",
          "source": {
            "file": "/Users/username/Projects/code-pushup/.eslintrc.json",
          },
        },
      ],
    },
    "score": 0,
    "slug": "unlisted-dependencies",
    "value": 2,
  },
  {
    "score": 1,
    "slug": "unlisted-binaries",
    "value": 0,
  },
  {
    "score": 1,
    "slug": "unresolved-imports",
    "value": 0,
  },
  {
    "details": {
      "issues": [
        {
          "message": "Unused export duplicateErrorMsg",
          "severity": "error",
          "source": {
            "file": "/Users/username/Projects/code-pushup/packages/models/src/lib/category-config.ts",
            "position": {
              "startColumn": 17,
              "startLine": 54,
            },
          },
        },
      ],
    },
    "score": 0,
    "slug": "unused-exports",
    "value": 1,
  },
  {
    "details": {
      "issues": [
        {
          "message": "Unused exported type GroupMeta",
          "severity": "error",
          "source": {
            "file": "/Users/username/Projects/code-pushup/packages/models/src/lib/group.ts",
            "position": {
              "startColumn": 13,
              "startLine": 26,
            },
          },
        },
      ],
    },
    "score": 0,
    "slug": "unused-exported-types",
    "value": 1,
  },
  {
    "score": 1,
    "slug": "unused-exported-enum-members",
    "value": 0,
  },
  {
    "details": {
      "issues": [
        {
          "message": "Duplicate export initGenerator|default",
          "severity": "error",
          "source": {
            "file": "/Users/username/Projects/code-pushup/packages/nx-plugin/src/generators/init/generator.ts",
          },
        },
      ],
    },
    "score": 0,
    "slug": "duplicate-exports",
    "value": 1,
  },
]
`;
